2023/05/31 09:46:54 mssql: login error: Login failed for user 'reek'.
